Analysis & Synthesis report for CALCULADORA
Tue May 12 14:22:36 2026
Quartus Prime Version 16.0.0 Build 211 04/27/2016 SJ Lite Edition


---------------------
; Table of Contents ;
---------------------
  1. Legal Notice
  2. Analysis & Synthesis Summary
  3. Analysis & Synthesis Settings
  4. Parallel Compilation
  5. Analysis & Synthesis Source Files Read
  6. Analysis & Synthesis Resource Usage Summary
  7. Analysis & Synthesis Resource Utilization by Entity
  8. Analysis & Synthesis DSP Block Usage Summary
  9. State Machine - |CALCULADORA|conv_ca2_BCD:Resul|estado
 10. State Machine - |CALCULADORA|ctrl_op:CTRL_OP|est
 11. General Register Statistics
 12. Inverted Register Statistics
 13. Multiplexer Restructuring Statistics (Restructuring Performed)
 14. Parameter Settings for User Entity Instance: Top-level Entity: |CALCULADORA
 15. Parameter Settings for User Entity Instance: operaciones:Operar|multiplicador:MULT|lpm_mult:lpm_mult_component
 16. Parameter Settings for User Entity Instance: timer:TIMER
 17. lpm_mult Parameter Settings by Entity Instance
 18. Port Connectivity Checks: "conv_ca2_BCD:Resul"
 19. Port Connectivity Checks: "operaciones:Operar|multiplicador:MULT"
 20. Post-Synthesis Netlist Statistics for Top Partition
 21. Elapsed Time Per Partition
 22. Analysis & Synthesis Messages



----------------
; Legal Notice ;
----------------
Copyright (C) 1991-2016 Altera Corporation. All rights reserved.
Your use of Altera Corporation's design tools, logic functions 
and other software and tools, and its AMPP partner logic 
functions, and any output files from any of the foregoing 
(including device programming or simulation files), and any 
associated documentation or information are expressly subject 
to the terms and conditions of the Altera Program License 
Subscription Agreement, the Altera Quartus Prime License Agreement,
the Altera MegaCore Function License Agreement, or other 
applicable license agreement, including, without limitation, 
that your use is for the sole purpose of programming logic 
devices manufactured by Altera and sold by Altera or its 
authorized distributors.  Please refer to the applicable 
agreement for further details.



+----------------------------------------------------------------------------------+
; Analysis & Synthesis Summary                                                     ;
+------------------------------------+---------------------------------------------+
; Analysis & Synthesis Status        ; Successful - Tue May 12 14:22:36 2026       ;
; Quartus Prime Version              ; 16.0.0 Build 211 04/27/2016 SJ Lite Edition ;
; Revision Name                      ; CALCULADORA                                 ;
; Top-level Entity Name              ; CALCULADORA                                 ;
; Family                             ; MAX 10                                      ;
; Total logic elements               ; 518                                         ;
;     Total combinational functions  ; 475                                         ;
;     Dedicated logic registers      ; 211                                         ;
; Total registers                    ; 211                                         ;
; Total pins                         ; 26                                          ;
; Total virtual pins                 ; 0                                           ;
; Total memory bits                  ; 0                                           ;
; Embedded Multiplier 9-bit elements ; 2                                           ;
; Total PLLs                         ; 0                                           ;
; UFM blocks                         ; 0                                           ;
; ADC blocks                         ; 0                                           ;
+------------------------------------+---------------------------------------------+


+----------------------------------------------------------------------------------------------------------------------+
; Analysis & Synthesis Settings                                                                                        ;
+----------------------------------------------------------------------------+--------------------+--------------------+
; Option                                                                     ; Setting            ; Default Value      ;
+----------------------------------------------------------------------------+--------------------+--------------------+
; Device                                                                     ; 10M50DAF484C6GES   ;                    ;
; Top-level entity name                                                      ; CALCULADORA        ; CALCULADORA        ;
; Family name                                                                ; MAX 10             ; Cyclone V          ;
; Use smart compilation                                                      ; Off                ; Off                ;
; Enable parallel Assembler and TimeQuest Timing Analyzer during compilation ; On                 ; On                 ;
; Enable compact report table                                                ; Off                ; Off                ;
; Restructure Multiplexers                                                   ; Auto               ; Auto               ;
; Create Debugging Nodes for IP Cores                                        ; Off                ; Off                ;
; Preserve fewer node names                                                  ; On                 ; On                 ;
; Disable OpenCore Plus hardware evaluation                                  ; Off                ; Off                ;
; Verilog Version                                                            ; Verilog_2001       ; Verilog_2001       ;
; VHDL Version                                                               ; VHDL_1993          ; VHDL_1993          ;
; State Machine Processing                                                   ; Auto               ; Auto               ;
; Safe State Machine                                                         ; Off                ; Off                ;
; Extract Verilog State Machines                                             ; On                 ; On                 ;
; Extract VHDL State Machines                                                ; On                 ; On                 ;
; Ignore Verilog initial constructs                                          ; Off                ; Off                ;
; Iteration limit for constant Verilog loops                                 ; 5000               ; 5000               ;
; Iteration limit for non-constant Verilog loops                             ; 250                ; 250                ;
; Add Pass-Through Logic to Inferred RAMs                                    ; On                 ; On                 ;
; Infer RAMs from Raw Logic                                                  ; On                 ; On                 ;
; Parallel Synthesis                                                         ; On                 ; On                 ;
; DSP Block Balancing                                                        ; Auto               ; Auto               ;
; NOT Gate Push-Back                                                         ; On                 ; On                 ;
; Power-Up Don't Care                                                        ; On                 ; On                 ;
; Remove Redundant Logic Cells                                               ; Off                ; Off                ;
; Remove Duplicate Registers                                                 ; On                 ; On                 ;
; Ignore CARRY Buffers                                                       ; Off                ; Off                ;
; Ignore CASCADE Buffers                                                     ; Off                ; Off                ;
; Ignore GLOBAL Buffers                                                      ; Off                ; Off                ;
; Ignore ROW GLOBAL Buffers                                                  ; Off                ; Off                ;
; Ignore LCELL Buffers                                                       ; Off                ; Off                ;
; Ignore SOFT Buffers                                                        ; On                 ; On                 ;
; Limit AHDL Integers to 32 Bits                                             ; Off                ; Off                ;
; Optimization Technique                                                     ; Balanced           ; Balanced           ;
; Carry Chain Length                                                         ; 70                 ; 70                 ;
; Auto Carry Chains                                                          ; On                 ; On                 ;
; Auto Open-Drain Pins                                                       ; On                 ; On                 ;
; Perform WYSIWYG Primitive Resynthesis                                      ; Off                ; Off                ;
; Auto ROM Replacement                                                       ; On                 ; On                 ;
; Auto RAM Replacement                                                       ; On                 ; On                 ;
; Auto DSP Block Replacement                                                 ; On                 ; On                 ;
; Auto Shift Register Replacement                                            ; Auto               ; Auto               ;
; Allow Shift Register Merging across Hierarchies                            ; Auto               ; Auto               ;
; Auto Clock Enable Replacement                                              ; On                 ; On                 ;
; Strict RAM Replacement                                                     ; Off                ; Off                ;
; Allow Synchronous Control Signals                                          ; On                 ; On                 ;
; Force Use of Synchronous Clear Signals                                     ; Off                ; Off                ;
; Auto RAM Block Balancing                                                   ; On                 ; On                 ;
; Auto RAM to Logic Cell Conversion                                          ; Off                ; Off                ;
; Auto Resource Sharing                                                      ; Off                ; Off                ;
; Allow Any RAM Size For Recognition                                         ; Off                ; Off                ;
; Allow Any ROM Size For Recognition                                         ; Off                ; Off                ;
; Allow Any Shift Register Size For Recognition                              ; Off                ; Off                ;
; Use LogicLock Constraints during Resource Balancing                        ; On                 ; On                 ;
; Ignore translate_off and synthesis_off directives                          ; Off                ; Off                ;
; Timing-Driven Synthesis                                                    ; On                 ; On                 ;
; Report Parameter Settings                                                  ; On                 ; On                 ;
; Report Source Assignments                                                  ; On                 ; On                 ;
; Report Connectivity Checks                                                 ; On                 ; On                 ;
; Ignore Maximum Fan-Out Assignments                                         ; Off                ; Off                ;
; Synchronization Register Chain Length                                      ; 2                  ; 2                  ;
; PowerPlay Power Optimization During Synthesis                              ; Normal compilation ; Normal compilation ;
; HDL message level                                                          ; Level2             ; Level2             ;
; Suppress Register Optimization Related Messages                            ; Off                ; Off                ;
; Number of Removed Registers Reported in Synthesis Report                   ; 5000               ; 5000               ;
; Number of Swept Nodes Reported in Synthesis Report                         ; 5000               ; 5000               ;
; Number of Inverted Registers Reported in Synthesis Report                  ; 100                ; 100                ;
; Clock MUX Protection                                                       ; On                 ; On                 ;
; Auto Gated Clock Conversion                                                ; Off                ; Off                ;
; Block Design Naming                                                        ; Auto               ; Auto               ;
; SDC constraint protection                                                  ; Off                ; Off                ;
; Synthesis Effort                                                           ; Auto               ; Auto               ;
; Shift Register Replacement - Allow Asynchronous Clear Signal               ; On                 ; On                 ;
; Pre-Mapping Resynthesis Optimization                                       ; Off                ; Off                ;
; Analysis & Synthesis Message Level                                         ; Medium             ; Medium             ;
; Disable Register Merging Across Hierarchies                                ; Auto               ; Auto               ;
; Resource Aware Inference For Block RAM                                     ; On                 ; On                 ;
; Synthesis Seed                                                             ; 1                  ; 1                  ;
+----------------------------------------------------------------------------+--------------------+--------------------+


Parallel compilation was disabled, but you have multiple processors available. Enable parallel compilation to reduce compilation time.
+-------------------------------------+
; Parallel Compilation                ;
+----------------------------+--------+
; Processors                 ; Number ;
+----------------------------+--------+
; Number detected on machine ; 12     ;
; Maximum allowed            ; 1      ;
+----------------------------+--------+


+----------------------------------------------------------------------------------------------------------------------------------------------------------------------------------------------+
; Analysis & Synthesis Source Files Read                                                                                                                                                       ;
+--------------------------------------+-----------------+------------------------------+--------------------------------------------------------------------------------------------+---------+
; File Name with User-Entered Path     ; Used in Netlist ; File Type                    ; File Name with Absolute Path                                                               ; Library ;
+--------------------------------------+-----------------+------------------------------+--------------------------------------------------------------------------------------------+---------+
; ../HDL/CALCULADORA.vhd               ; yes             ; User VHDL File               ; D:/UNIVERSIDAD_Blanca/8semestre/DD_II/BT2/Calculadora_F3/HDL/CALCULADORA.vhd               ;         ;
; ../HDL/CONV_BCD_CA2/conv_bcd_ca2.vhd ; yes             ; User VHDL File               ; D:/UNIVERSIDAD_Blanca/8semestre/DD_II/BT2/Calculadora_F3/HDL/CONV_BCD_CA2/conv_bcd_ca2.vhd ;         ;
; ../HDL/CONV_CA2_BCD/conv_ca2_bcd.vhd ; yes             ; User VHDL File               ; D:/UNIVERSIDAD_Blanca/8semestre/DD_II/BT2/Calculadora_F3/HDL/CONV_CA2_BCD/conv_ca2_bcd.vhd ;         ;
; ../HDL/CTRL_OP/ctrl_op.vhd           ; yes             ; User VHDL File               ; D:/UNIVERSIDAD_Blanca/8semestre/DD_II/BT2/Calculadora_F3/HDL/CTRL_OP/ctrl_op.vhd           ;         ;
; ../HDL/DISPLAYS/displays.vhd         ; yes             ; User VHDL File               ; D:/UNIVERSIDAD_Blanca/8semestre/DD_II/BT2/Calculadora_F3/HDL/DISPLAYS/displays.vhd         ;         ;
; ../HDL/OPERACIONES/operaciones.vhd   ; yes             ; User VHDL File               ; D:/UNIVERSIDAD_Blanca/8semestre/DD_II/BT2/Calculadora_F3/HDL/OPERACIONES/operaciones.vhd   ;         ;
; ../HDL/OPERACIONES/multiplicador.vhd ; yes             ; User Wizard-Generated File   ; D:/UNIVERSIDAD_Blanca/8semestre/DD_II/BT2/Calculadora_F3/HDL/OPERACIONES/multiplicador.vhd ;         ;
; ../HDL/TECLADO/ctrl_tec.vhd          ; yes             ; User VHDL File               ; D:/UNIVERSIDAD_Blanca/8semestre/DD_II/BT2/Calculadora_F3/HDL/TECLADO/ctrl_tec.vhd          ;         ;
; ../HDL/TIMER/timer.vhd               ; yes             ; User VHDL File               ; D:/UNIVERSIDAD_Blanca/8semestre/DD_II/BT2/Calculadora_F3/HDL/TIMER/timer.vhd               ;         ;
; lpm_mult.tdf                         ; yes             ; Megafunction                 ; c:/altera_lite/16.0/quartus/libraries/megafunctions/lpm_mult.tdf                           ;         ;
; aglobal160.inc                       ; yes             ; Megafunction                 ; c:/altera_lite/16.0/quartus/libraries/megafunctions/aglobal160.inc                         ;         ;
; lpm_add_sub.inc                      ; yes             ; Megafunction                 ; c:/altera_lite/16.0/quartus/libraries/megafunctions/lpm_add_sub.inc                        ;         ;
; multcore.inc                         ; yes             ; Megafunction                 ; c:/altera_lite/16.0/quartus/libraries/megafunctions/multcore.inc                           ;         ;
; bypassff.inc                         ; yes             ; Megafunction                 ; c:/altera_lite/16.0/quartus/libraries/megafunctions/bypassff.inc                           ;         ;
; altshift.inc                         ; yes             ; Megafunction                 ; c:/altera_lite/16.0/quartus/libraries/megafunctions/altshift.inc                           ;         ;
; db/mult_0jm.tdf                      ; yes             ; Auto-Generated Megafunction  ; D:/UNIVERSIDAD_Blanca/8semestre/DD_II/BT2/Calculadora_F3/QUARTUS/db/mult_0jm.tdf           ;         ;
+--------------------------------------+-----------------+------------------------------+--------------------------------------------------------------------------------------------+---------+


+---------------------------------------------------------+
; Analysis & Synthesis Resource Usage Summary             ;
+---------------------------------------------+-----------+
; Resource                                    ; Usage     ;
+---------------------------------------------+-----------+
; Estimated Total logic elements              ; 518       ;
;                                             ;           ;
; Total combinational functions               ; 475       ;
; Logic element usage by number of LUT inputs ;           ;
;     -- 4 input functions                    ; 219       ;
;     -- 3 input functions                    ; 143       ;
;     -- <=2 input functions                  ; 113       ;
;                                             ;           ;
; Logic elements by mode                      ;           ;
;     -- normal mode                          ; 344       ;
;     -- arithmetic mode                      ; 131       ;
;                                             ;           ;
; Total registers                             ; 211       ;
;     -- Dedicated logic registers            ; 211       ;
;     -- I/O registers                        ; 0         ;
;                                             ;           ;
; I/O pins                                    ; 26        ;
;                                             ;           ;
; Embedded Multiplier 9-bit elements          ; 2         ;
;                                             ;           ;
; Maximum fan-out node                        ; clk~input ;
; Maximum fan-out                             ; 211       ;
; Total fan-out                               ; 2448      ;
; Average fan-out                             ; 3.31      ;
+---------------------------------------------+-----------+


+----------------------------------------------------------------------------------------------------------------------------------------------------------------------------------------------------------------------------------------------------------------------------------------------------------------------+
; Analysis & Synthesis Resource Utilization by Entity                                                                                                                                                                                                                                                                  ;
+----------------------------------------+-------------------+--------------+-------------+------------+--------------+---------+-----------+------+--------------+------------+--------------------------------------------------------------------------------------------------------+---------------+--------------+
; Compilation Hierarchy Node             ; LC Combinationals ; LC Registers ; Memory Bits ; UFM Blocks ; DSP Elements ; DSP 9x9 ; DSP 18x18 ; Pins ; Virtual Pins ; ADC blocks ; Full Hierarchy Name                                                                                    ; Entity Name   ; Library Name ;
+----------------------------------------+-------------------+--------------+-------------+------------+--------------+---------+-----------+------+--------------+------------+--------------------------------------------------------------------------------------------------------+---------------+--------------+
; |CALCULADORA                           ; 475 (0)           ; 211 (0)      ; 0           ; 0          ; 2            ; 0       ; 1         ; 26   ; 0            ; 0          ; |CALCULADORA                                                                                           ; CALCULADORA   ; work         ;
;    |conv_BCD_ca2:OP1|                  ; 44 (44)           ; 12 (12)      ; 0           ; 0          ; 0            ; 0       ; 0         ; 0    ; 0            ; 0          ; |CALCULADORA|conv_BCD_ca2:OP1                                                                          ; conv_BCD_ca2  ; work         ;
;    |conv_BCD_ca2:OP2|                  ; 44 (44)           ; 12 (12)      ; 0           ; 0          ; 0            ; 0       ; 0         ; 0    ; 0            ; 0          ; |CALCULADORA|conv_BCD_ca2:OP2                                                                          ; conv_BCD_ca2  ; work         ;
;    |conv_ca2_BCD:Resul|                ; 88 (88)           ; 79 (79)      ; 0           ; 0          ; 0            ; 0       ; 0         ; 0    ; 0            ; 0          ; |CALCULADORA|conv_ca2_BCD:Resul                                                                        ; conv_ca2_BCD  ; work         ;
;    |ctrl_op:CTRL_OP|                   ; 70 (70)           ; 35 (35)      ; 0           ; 0          ; 0            ; 0       ; 0         ; 0    ; 0            ; 0          ; |CALCULADORA|ctrl_op:CTRL_OP                                                                           ; ctrl_op       ; work         ;
;    |ctrl_tec:CTRL_TEC|                 ; 40 (40)           ; 23 (23)      ; 0           ; 0          ; 0            ; 0       ; 0         ; 0    ; 0            ; 0          ; |CALCULADORA|ctrl_tec:CTRL_TEC                                                                         ; ctrl_tec      ; work         ;
;    |displays:DISPLAY|                  ; 108 (108)         ; 8 (8)        ; 0           ; 0          ; 0            ; 0       ; 0         ; 0    ; 0            ; 0          ; |CALCULADORA|displays:DISPLAY                                                                          ; displays      ; work         ;
;    |operaciones:Operar|                ; 48 (48)           ; 22 (22)      ; 0           ; 0          ; 2            ; 0       ; 1         ; 0    ; 0            ; 0          ; |CALCULADORA|operaciones:Operar                                                                        ; operaciones   ; work         ;
;       |multiplicador:MULT|             ; 0 (0)             ; 0 (0)        ; 0           ; 0          ; 2            ; 0       ; 1         ; 0    ; 0            ; 0          ; |CALCULADORA|operaciones:Operar|multiplicador:MULT                                                     ; multiplicador ; work         ;
;          |lpm_mult:lpm_mult_component| ; 0 (0)             ; 0 (0)        ; 0           ; 0          ; 2            ; 0       ; 1         ; 0    ; 0            ; 0          ; |CALCULADORA|operaciones:Operar|multiplicador:MULT|lpm_mult:lpm_mult_component                         ; lpm_mult      ; work         ;
;             |mult_0jm:auto_generated|  ; 0 (0)             ; 0 (0)        ; 0           ; 0          ; 2            ; 0       ; 1         ; 0    ; 0            ; 0          ; |CALCULADORA|operaciones:Operar|multiplicador:MULT|lpm_mult:lpm_mult_component|mult_0jm:auto_generated ; mult_0jm      ; work         ;
;    |timer:TIMER|                       ; 33 (33)           ; 20 (20)      ; 0           ; 0          ; 0            ; 0       ; 0         ; 0    ; 0            ; 0          ; |CALCULADORA|timer:TIMER                                                                               ; timer         ; work         ;
+----------------------------------------+-------------------+--------------+-------------+------------+--------------+---------+-----------+------+--------------+------------+--------------------------------------------------------------------------------------------------------+---------------+--------------+
Note: For table entries with two numbers listed, the numbers in parentheses indicate the number of resources of the given type used by the specific entity alone. The numbers listed outside of parentheses indicate the total resources of the given type used by the specific entity and all of its sub-entities in the hierarchy.


+-----------------------------------------------------+
; Analysis & Synthesis DSP Block Usage Summary        ;
+---------------------------------------+-------------+
; Statistic                             ; Number Used ;
+---------------------------------------+-------------+
; Simple Multipliers (9-bit)            ; 0           ;
; Simple Multipliers (18-bit)           ; 1           ;
; Embedded Multiplier Blocks            ; --          ;
; Embedded Multiplier 9-bit elements    ; 2           ;
; Signed Embedded Multipliers           ; 1           ;
; Unsigned Embedded Multipliers         ; 0           ;
; Mixed Sign Embedded Multipliers       ; 0           ;
; Variable Sign Embedded Multipliers    ; 0           ;
; Dedicated Input Shift Register Chains ; 0           ;
+---------------------------------------+-------------+
Note: number of Embedded Multiplier Blocks used is only available after a successful fit.


Encoding Type:  One-Hot
+----------------------------------------------------------------------------+
; State Machine - |CALCULADORA|conv_ca2_BCD:Resul|estado                     ;
+---------------+--------------+--------------+---------------+--------------+
; Name          ; estado.HECHO ; estado.BUCLE ; estado.CARGAR ; estado.LIBRE ;
+---------------+--------------+--------------+---------------+--------------+
; estado.LIBRE  ; 0            ; 0            ; 0             ; 0            ;
; estado.CARGAR ; 0            ; 0            ; 1             ; 1            ;
; estado.BUCLE  ; 0            ; 1            ; 0             ; 1            ;
; estado.HECHO  ; 1            ; 0            ; 0             ; 1            ;
+---------------+--------------+--------------+---------------+--------------+


Encoding Type:  One-Hot
+------------------------------------------------------------------------------------------------+
; State Machine - |CALCULADORA|ctrl_op:CTRL_OP|est                                               ;
+----------------------+---------------+----------------------+---------------------+------------+
; Name                 ; est.resultado ; est.segundo_operando ; est.primer_operando ; est.espera ;
+----------------------+---------------+----------------------+---------------------+------------+
; est.espera           ; 0             ; 0                    ; 0                   ; 0          ;
; est.primer_operando  ; 0             ; 0                    ; 1                   ; 1          ;
; est.segundo_operando ; 0             ; 1                    ; 0                   ; 1          ;
; est.resultado        ; 1             ; 0                    ; 0                   ; 1          ;
+----------------------+---------------+----------------------+---------------------+------------+


+------------------------------------------------------+
; General Register Statistics                          ;
+----------------------------------------------+-------+
; Statistic                                    ; Value ;
+----------------------------------------------+-------+
; Total registers                              ; 211   ;
; Number of registers using Synchronous Clear  ; 11    ;
; Number of registers using Synchronous Load   ; 40    ;
; Number of registers using Asynchronous Clear ; 210   ;
; Number of registers using Asynchronous Load  ; 0     ;
; Number of registers using Clock Enable       ; 142   ;
; Number of registers using Preset             ; 0     ;
+----------------------------------------------+-------+


+---------------------------------------------------+
; Inverted Register Statistics                      ;
+-----------------------------------------+---------+
; Inverted Register                       ; Fan out ;
+-----------------------------------------+---------+
; ctrl_tec:CTRL_TEC|fila[0]               ; 6       ;
; ctrl_tec:CTRL_TEC|fila[1]               ; 6       ;
; ctrl_tec:CTRL_TEC|fila[2]               ; 6       ;
; ctrl_tec:CTRL_TEC|fila[3]               ; 4       ;
; displays:DISPLAY|mux_disp[1]            ; 7       ;
; displays:DISPLAY|mux_disp[2]            ; 8       ;
; displays:DISPLAY|mux_disp[3]            ; 10      ;
; displays:DISPLAY|mux_disp[4]            ; 11      ;
; displays:DISPLAY|mux_disp[5]            ; 8       ;
; displays:DISPLAY|mux_disp[6]            ; 5       ;
; displays:DISPLAY|mux_disp[7]            ; 2       ;
; ctrl_tec:CTRL_TEC|col_sin_rebotes[2]    ; 9       ;
; ctrl_tec:CTRL_TEC|col_sin_rebotes[1]    ; 10      ;
; ctrl_tec:CTRL_TEC|col_sin_rebotes[3]    ; 11      ;
; ctrl_tec:CTRL_TEC|col_sin_rebotes[0]    ; 10      ;
; ctrl_tec:CTRL_TEC|fila_reg[3]           ; 8       ;
; ctrl_tec:CTRL_TEC|fila_reg[2]           ; 9       ;
; ctrl_tec:CTRL_TEC|fila_reg[0]           ; 7       ;
; ctrl_tec:CTRL_TEC|fila_reg[1]           ; 8       ;
; Total number of inverted registers = 19 ;         ;
+-----------------------------------------+---------+


+-----------------------------------------------------------------------------------------------------------------------------------------------------------------+
; Multiplexer Restructuring Statistics (Restructuring Performed)                                                                                                  ;
+--------------------+-----------+---------------+----------------------+------------------------+------------+---------------------------------------------------+
; Multiplexer Inputs ; Bus Width ; Baseline Area ; Area if Restructured ; Saving if Restructured ; Registered ; Example Multiplexer Output                        ;
+--------------------+-----------+---------------+----------------------+------------------------+------------+---------------------------------------------------+
; 3:1                ; 3 bits    ; 6 LEs         ; 3 LEs                ; 3 LEs                  ; Yes        ; |CALCULADORA|timer:TIMER|cnt_div_5ms[0]           ;
; 3:1                ; 10 bits   ; 20 LEs        ; 20 LEs               ; 0 LEs                  ; Yes        ; |CALCULADORA|operaciones:Operar|resultado_ca2[20] ;
; 4:1                ; 11 bits   ; 22 LEs        ; 22 LEs               ; 0 LEs                  ; Yes        ; |CALCULADORA|operaciones:Operar|resultado_ca2[10] ;
; 4:1                ; 19 bits   ; 38 LEs        ; 38 LEs               ; 0 LEs                  ; Yes        ; |CALCULADORA|conv_ca2_BCD:Resul|bin_reg[4]        ;
; 8:1                ; 12 bits   ; 60 LEs        ; 12 LEs               ; 48 LEs                 ; Yes        ; |CALCULADORA|ctrl_op:CTRL_OP|operando2_bcd[11]    ;
; 9:1                ; 8 bits    ; 48 LEs        ; 8 LEs                ; 40 LEs                 ; Yes        ; |CALCULADORA|ctrl_op:CTRL_OP|operando1_bcd[5]     ;
; 9:1                ; 4 bits    ; 24 LEs        ; 4 LEs                ; 20 LEs                 ; Yes        ; |CALCULADORA|ctrl_op:CTRL_OP|operando1_bcd[3]     ;
; 9:1                ; 2 bits    ; 12 LEs        ; 4 LEs                ; 8 LEs                  ; Yes        ; |CALCULADORA|ctrl_op:CTRL_OP|operacion[0]         ;
; 3:1                ; 4 bits    ; 8 LEs         ; 4 LEs                ; 4 LEs                  ; Yes        ; |CALCULADORA|ctrl_tec:CTRL_TEC|fila[0]            ;
; 6:1                ; 2 bits    ; 8 LEs         ; 4 LEs                ; 4 LEs                  ; No         ; |CALCULADORA|conv_ca2_BCD:Resul|Selector3         ;
; 11:1               ; 4 bits    ; 28 LEs        ; 16 LEs               ; 12 LEs                 ; No         ; |CALCULADORA|ctrl_op:CTRL_OP|est                  ;
; 40:1               ; 2 bits    ; 52 LEs        ; 24 LEs               ; 28 LEs                 ; No         ; |CALCULADORA|displays:DISPLAY|dig_activo[3]       ;
+--------------------+-----------+---------------+----------------------+------------------------+------------+---------------------------------------------------+


+-----------------------------------------------------------------------------+
; Parameter Settings for User Entity Instance: Top-level Entity: |CALCULADORA ;
+----------------+-------+----------------------------------------------------+
; Parameter Name ; Value ; Type                                               ;
+----------------+-------+----------------------------------------------------+
; DIV_1ms        ; 49999 ; Signed Integer                                     ;
+----------------+-------+----------------------------------------------------+
Note: In order to hide this table in the UI and the text report file, please set the "Show Parameter Settings in Synthesis Report" option in "Analysis and Synthesis Settings -> More Settings" to "Off".


+----------------------------------------------------------------------------------------------------------------+
; Parameter Settings for User Entity Instance: operaciones:Operar|multiplicador:MULT|lpm_mult:lpm_mult_component ;
+------------------------------------------------+----------+----------------------------------------------------+
; Parameter Name                                 ; Value    ; Type                                               ;
+------------------------------------------------+----------+----------------------------------------------------+
; AUTO_CARRY_CHAINS                              ; ON       ; AUTO_CARRY                                         ;
; IGNORE_CARRY_BUFFERS                           ; OFF      ; IGNORE_CARRY                                       ;
; AUTO_CASCADE_CHAINS                            ; ON       ; AUTO_CASCADE                                       ;
; IGNORE_CASCADE_BUFFERS                         ; OFF      ; IGNORE_CASCADE                                     ;
; LPM_WIDTHA                                     ; 11       ; Signed Integer                                     ;
; LPM_WIDTHB                                     ; 11       ; Signed Integer                                     ;
; LPM_WIDTHP                                     ; 22       ; Signed Integer                                     ;
; LPM_WIDTHR                                     ; 0        ; Untyped                                            ;
; LPM_WIDTHS                                     ; 1        ; Untyped                                            ;
; LPM_REPRESENTATION                             ; SIGNED   ; Untyped                                            ;
; LPM_PIPELINE                                   ; 0        ; Untyped                                            ;
; LATENCY                                        ; 0        ; Untyped                                            ;
; INPUT_A_IS_CONSTANT                            ; NO       ; Untyped                                            ;
; INPUT_B_IS_CONSTANT                            ; NO       ; Untyped                                            ;
; USE_EAB                                        ; OFF      ; Untyped                                            ;
; MAXIMIZE_SPEED                                 ; 5        ; Untyped                                            ;
; DEVICE_FAMILY                                  ; MAX 10   ; Untyped                                            ;
; CARRY_CHAIN                                    ; MANUAL   ; Untyped                                            ;
; APEX20K_TECHNOLOGY_MAPPER                      ; LUT      ; TECH_MAPPER_APEX20K                                ;
; DEDICATED_MULTIPLIER_CIRCUITRY                 ; AUTO     ; Untyped                                            ;
; DEDICATED_MULTIPLIER_MIN_INPUT_WIDTH_FOR_AUTO  ; 0        ; Untyped                                            ;
; DEDICATED_MULTIPLIER_MIN_OUTPUT_WIDTH_FOR_AUTO ; 0        ; Untyped                                            ;
; CBXI_PARAMETER                                 ; mult_0jm ; Untyped                                            ;
; INPUT_A_FIXED_VALUE                            ; Bx       ; Untyped                                            ;
; INPUT_B_FIXED_VALUE                            ; Bx       ; Untyped                                            ;
; USE_AHDL_IMPLEMENTATION                        ; OFF      ; Untyped                                            ;
+------------------------------------------------+----------+----------------------------------------------------+
Note: In order to hide this table in the UI and the text report file, please set the "Show Parameter Settings in Synthesis Report" option in "Analysis and Synthesis Settings -> More Settings" to "Off".


+----------------------------------------------------------+
; Parameter Settings for User Entity Instance: timer:TIMER ;
+----------------+-------+---------------------------------+
; Parameter Name ; Value ; Type                            ;
+----------------+-------+---------------------------------+
; div_1ms        ; 49999 ; Signed Integer                  ;
+----------------+-------+---------------------------------+
Note: In order to hide this table in the UI and the text report file, please set the "Show Parameter Settings in Synthesis Report" option in "Analysis and Synthesis Settings -> More Settings" to "Off".


+-----------------------------------------------------------------------------------------------------------+
; lpm_mult Parameter Settings by Entity Instance                                                            ;
+---------------------------------------+-------------------------------------------------------------------+
; Name                                  ; Value                                                             ;
+---------------------------------------+-------------------------------------------------------------------+
; Number of entity instances            ; 1                                                                 ;
; Entity Instance                       ; operaciones:Operar|multiplicador:MULT|lpm_mult:lpm_mult_component ;
;     -- LPM_WIDTHA                     ; 11                                                                ;
;     -- LPM_WIDTHB                     ; 11                                                                ;
;     -- LPM_WIDTHP                     ; 22                                                                ;
;     -- LPM_REPRESENTATION             ; SIGNED                                                            ;
;     -- INPUT_A_IS_CONSTANT            ; NO                                                                ;
;     -- INPUT_B_IS_CONSTANT            ; NO                                                                ;
;     -- USE_EAB                        ; OFF                                                               ;
;     -- DEDICATED_MULTIPLIER_CIRCUITRY ; AUTO                                                              ;
;     -- INPUT_A_FIXED_VALUE            ; Bx                                                                ;
;     -- INPUT_B_FIXED_VALUE            ; Bx                                                                ;
+---------------------------------------+-------------------------------------------------------------------+


+---------------------------------------------------------------------------------------------------------------------+
; Port Connectivity Checks: "conv_ca2_BCD:Resul"                                                                      ;
+-----------+--------+----------+-------------------------------------------------------------------------------------+
; Port      ; Type   ; Severity ; Details                                                                             ;
+-----------+--------+----------+-------------------------------------------------------------------------------------+
; res_listo ; Output ; Info     ; Connected to dangling logic. Logic that only feeds a dangling port will be removed. ;
+-----------+--------+----------+-------------------------------------------------------------------------------------+


+----------------------------------------------------------------------------------------------------------------------+
; Port Connectivity Checks: "operaciones:Operar|multiplicador:MULT"                                                    ;
+------------+--------+----------+-------------------------------------------------------------------------------------+
; Port       ; Type   ; Severity ; Details                                                                             ;
+------------+--------+----------+-------------------------------------------------------------------------------------+
; result[21] ; Output ; Info     ; Connected to dangling logic. Logic that only feeds a dangling port will be removed. ;
+------------+--------+----------+-------------------------------------------------------------------------------------+


+-----------------------------------------------------+
; Post-Synthesis Netlist Statistics for Top Partition ;
+-----------------------+-----------------------------+
; Type                  ; Count                       ;
+-----------------------+-----------------------------+
; boundary_port         ; 26                          ;
; cycloneiii_ff         ; 211                         ;
;     CLR               ; 68                          ;
;     ENA CLR           ; 102                         ;
;     ENA CLR SCLR SLD  ; 11                          ;
;     ENA CLR SLD       ; 29                          ;
;     plain             ; 1                           ;
; cycloneiii_lcell_comb ; 493                         ;
;     arith             ; 131                         ;
;         2 data inputs ; 46                          ;
;         3 data inputs ; 85                          ;
;     normal            ; 362                         ;
;         0 data inputs ; 1                           ;
;         1 data inputs ; 33                          ;
;         2 data inputs ; 51                          ;
;         3 data inputs ; 58                          ;
;         4 data inputs ; 219                         ;
; cycloneiii_mac_mult   ; 1                           ;
; cycloneiii_mac_out    ; 1                           ;
;                       ;                             ;
; Max LUT depth         ; 13.00                       ;
; Average LUT depth     ; 4.34                        ;
+-----------------------+-----------------------------+


+-------------------------------+
; Elapsed Time Per Partition    ;
+----------------+--------------+
; Partition Name ; Elapsed Time ;
+----------------+--------------+
; Top            ; 00:00:01     ;
+----------------+--------------+


+-------------------------------+
; Analysis & Synthesis Messages ;
+-------------------------------+
Info: *******************************************************************
Info: Running Quartus Prime Analysis & Synthesis
    Info: Version 16.0.0 Build 211 04/27/2016 SJ Lite Edition
    Info: Processing started: Tue May 12 14:22:25 2026
Info: Command: quartus_map --read_settings_files=on --write_settings_files=off CALCULADORA -c CALCULADORA
Warning (20028): Parallel compilation is not licensed and has been disabled
Info (12021): Found 2 design units, including 1 entities, in source file /universidad_blanca/8semestre/dd_ii/bt2/calculadora_f3/hdl/calculadora.vhd
    Info (12022): Found design unit 1: CALCULADORA-estructural File: D:/UNIVERSIDAD_Blanca/8semestre/DD_II/BT2/Calculadora_F3/HDL/CALCULADORA.vhd Line: 19
    Info (12023): Found entity 1: CALCULADORA File: D:/UNIVERSIDAD_Blanca/8semestre/DD_II/BT2/Calculadora_F3/HDL/CALCULADORA.vhd Line: 5
Info (12021): Found 2 design units, including 1 entities, in source file /universidad_blanca/8semestre/dd_ii/bt2/calculadora_f3/hdl/conv_bcd_ca2/conv_bcd_ca2.vhd
    Info (12022): Found design unit 1: conv_BCD_ca2-rtl File: D:/UNIVERSIDAD_Blanca/8semestre/DD_II/BT2/Calculadora_F3/HDL/CONV_BCD_CA2/conv_bcd_ca2.vhd Line: 14
    Info (12023): Found entity 1: conv_BCD_ca2 File: D:/UNIVERSIDAD_Blanca/8semestre/DD_II/BT2/Calculadora_F3/HDL/CONV_BCD_CA2/conv_bcd_ca2.vhd Line: 5
Info (12021): Found 2 design units, including 1 entities, in source file /universidad_blanca/8semestre/dd_ii/bt2/calculadora_f3/hdl/conv_ca2_bcd/conv_ca2_bcd.vhd
    Info (12022): Found design unit 1: conv_ca2_BCD-rtl File: D:/UNIVERSIDAD_Blanca/8semestre/DD_II/BT2/Calculadora_F3/HDL/CONV_CA2_BCD/conv_ca2_bcd.vhd Line: 15
    Info (12023): Found entity 1: conv_ca2_BCD File: D:/UNIVERSIDAD_Blanca/8semestre/DD_II/BT2/Calculadora_F3/HDL/CONV_CA2_BCD/conv_ca2_bcd.vhd Line: 5
Info (12021): Found 2 design units, including 1 entities, in source file /universidad_blanca/8semestre/dd_ii/bt2/calculadora_f3/hdl/ctrl_op/ctrl_op.vhd
    Info (12022): Found design unit 1: ctrl_op-rtl File: D:/UNIVERSIDAD_Blanca/8semestre/DD_II/BT2/Calculadora_F3/HDL/CTRL_OP/ctrl_op.vhd Line: 13
    Info (12023): Found entity 1: ctrl_op File: D:/UNIVERSIDAD_Blanca/8semestre/DD_II/BT2/Calculadora_F3/HDL/CTRL_OP/ctrl_op.vhd Line: 5
Info (12021): Found 2 design units, including 1 entities, in source file /universidad_blanca/8semestre/dd_ii/bt2/calculadora_f3/hdl/displays/displays.vhd
    Info (12022): Found design unit 1: displays-rtl File: D:/UNIVERSIDAD_Blanca/8semestre/DD_II/BT2/Calculadora_F3/HDL/DISPLAYS/displays.vhd Line: 21
    Info (12023): Found entity 1: displays File: D:/UNIVERSIDAD_Blanca/8semestre/DD_II/BT2/Calculadora_F3/HDL/DISPLAYS/displays.vhd Line: 5
Info (12021): Found 2 design units, including 1 entities, in source file /universidad_blanca/8semestre/dd_ii/bt2/calculadora_f3/hdl/operaciones/operaciones.vhd
    Info (12022): Found design unit 1: operaciones-rtl File: D:/UNIVERSIDAD_Blanca/8semestre/DD_II/BT2/Calculadora_F3/HDL/OPERACIONES/operaciones.vhd Line: 14
    Info (12023): Found entity 1: operaciones File: D:/UNIVERSIDAD_Blanca/8semestre/DD_II/BT2/Calculadora_F3/HDL/OPERACIONES/operaciones.vhd Line: 5
Info (12021): Found 2 design units, including 1 entities, in source file /universidad_blanca/8semestre/dd_ii/bt2/calculadora_f3/hdl/operaciones/multiplicador.vhd
    Info (12022): Found design unit 1: multiplicador-SYN File: D:/UNIVERSIDAD_Blanca/8semestre/DD_II/BT2/Calculadora_F3/HDL/OPERACIONES/multiplicador.vhd Line: 53
    Info (12023): Found entity 1: multiplicador File: D:/UNIVERSIDAD_Blanca/8semestre/DD_II/BT2/Calculadora_F3/HDL/OPERACIONES/multiplicador.vhd Line: 43
Info (12021): Found 2 design units, including 1 entities, in source file /universidad_blanca/8semestre/dd_ii/bt2/calculadora_f3/hdl/teclado/ctrl_tec.vhd
    Info (12022): Found design unit 1: ctrl_tec-rtl File: D:/UNIVERSIDAD_Blanca/8semestre/DD_II/BT2/Calculadora_F3/HDL/TECLADO/ctrl_tec.vhd Line: 13
    Info (12023): Found entity 1: ctrl_tec File: D:/UNIVERSIDAD_Blanca/8semestre/DD_II/BT2/Calculadora_F3/HDL/TECLADO/ctrl_tec.vhd Line: 6
Info (12021): Found 2 design units, including 1 entities, in source file /universidad_blanca/8semestre/dd_ii/bt2/calculadora_f3/hdl/timer/timer.vhd
    Info (12022): Found design unit 1: timer-rtl File: D:/UNIVERSIDAD_Blanca/8semestre/DD_II/BT2/Calculadora_F3/HDL/TIMER/timer.vhd Line: 36
    Info (12023): Found entity 1: timer File: D:/UNIVERSIDAD_Blanca/8semestre/DD_II/BT2/Calculadora_F3/HDL/TIMER/timer.vhd Line: 24
Info (12127): Elaborating entity "CALCULADORA" for the top level hierarchy
Warning (10036): Verilog HDL or VHDL warning at CALCULADORA.vhd(37): object "res_listo" assigned a value but never read File: D:/UNIVERSIDAD_Blanca/8semestre/DD_II/BT2/Calculadora_F3/HDL/CALCULADORA.vhd Line: 37
Info (12129): Elaborating entity "ctrl_tec" using architecture "A:rtl" for hierarchy "ctrl_tec:CTRL_TEC" File: D:/UNIVERSIDAD_Blanca/8semestre/DD_II/BT2/Calculadora_F3/HDL/CALCULADORA.vhd Line: 42
Info (12129): Elaborating entity "ctrl_op" using architecture "A:rtl" for hierarchy "ctrl_op:CTRL_OP" File: D:/UNIVERSIDAD_Blanca/8semestre/DD_II/BT2/Calculadora_F3/HDL/CALCULADORA.vhd Line: 53
Info (12129): Elaborating entity "conv_BCD_ca2" using architecture "A:rtl" for hierarchy "conv_BCD_ca2:OP1" File: D:/UNIVERSIDAD_Blanca/8semestre/DD_II/BT2/Calculadora_F3/HDL/CALCULADORA.vhd Line: 69
Info (12129): Elaborating entity "operaciones" using architecture "A:rtl" for hierarchy "operaciones:Operar" File: D:/UNIVERSIDAD_Blanca/8semestre/DD_II/BT2/Calculadora_F3/HDL/CALCULADORA.vhd Line: 91
Info (12129): Elaborating entity "multiplicador" using architecture "A:syn" for hierarchy "operaciones:Operar|multiplicador:MULT" File: D:/UNIVERSIDAD_Blanca/8semestre/DD_II/BT2/Calculadora_F3/HDL/OPERACIONES/operaciones.vhd Line: 20
Info (12128): Elaborating entity "lpm_mult" for hierarchy "operaciones:Operar|multiplicador:MULT|lpm_mult:lpm_mult_component" File: D:/UNIVERSIDAD_Blanca/8semestre/DD_II/BT2/Calculadora_F3/HDL/OPERACIONES/multiplicador.vhd Line: 78
Info (12130): Elaborated megafunction instantiation "operaciones:Operar|multiplicador:MULT|lpm_mult:lpm_mult_component" File: D:/UNIVERSIDAD_Blanca/8semestre/DD_II/BT2/Calculadora_F3/HDL/OPERACIONES/multiplicador.vhd Line: 78
Info (12133): Instantiated megafunction "operaciones:Operar|multiplicador:MULT|lpm_mult:lpm_mult_component" with the following parameter: File: D:/UNIVERSIDAD_Blanca/8semestre/DD_II/BT2/Calculadora_F3/HDL/OPERACIONES/multiplicador.vhd Line: 78
    Info (12134): Parameter "lpm_hint" = "MAXIMIZE_SPEED=5"
    Info (12134): Parameter "lpm_representation" = "SIGNED"
    Info (12134): Parameter "lpm_type" = "LPM_MULT"
    Info (12134): Parameter "lpm_widtha" = "11"
    Info (12134): Parameter "lpm_widthb" = "11"
    Info (12134): Parameter "lpm_widthp" = "22"
Info (12021): Found 1 design units, including 1 entities, in source file db/mult_0jm.tdf
    Info (12023): Found entity 1: mult_0jm File: D:/UNIVERSIDAD_Blanca/8semestre/DD_II/BT2/Calculadora_F3/QUARTUS/db/mult_0jm.tdf Line: 29
Info (12128): Elaborating entity "mult_0jm" for hierarchy "operaciones:Operar|multiplicador:MULT|lpm_mult:lpm_mult_component|mult_0jm:auto_generated" File: c:/altera_lite/16.0/quartus/libraries/megafunctions/lpm_mult.tdf Line: 377
Info (12129): Elaborating entity "conv_ca2_BCD" using architecture "A:rtl" for hierarchy "conv_ca2_BCD:Resul" File: D:/UNIVERSIDAD_Blanca/8semestre/DD_II/BT2/Calculadora_F3/HDL/CALCULADORA.vhd Line: 103
Info (12129): Elaborating entity "timer" using architecture "A:rtl" for hierarchy "timer:TIMER" File: D:/UNIVERSIDAD_Blanca/8semestre/DD_II/BT2/Calculadora_F3/HDL/CALCULADORA.vhd Line: 114
Info (12129): Elaborating entity "displays" using architecture "A:rtl" for hierarchy "displays:DISPLAY" File: D:/UNIVERSIDAD_Blanca/8semestre/DD_II/BT2/Calculadora_F3/HDL/CALCULADORA.vhd Line: 126
Info (13000): Registers with preset signals will power-up high File: D:/UNIVERSIDAD_Blanca/8semestre/DD_II/BT2/Calculadora_F3/HDL/TECLADO/ctrl_tec.vhd Line: 101
Info (13003): DEV_CLRn pin will set, and not reset, register with preset signal due to NOT Gate Push-Back
Warning (13024): Output pins are stuck at VCC or GND
    Warning (13410): Pin "seg[7]" is stuck at GND File: D:/UNIVERSIDAD_Blanca/8semestre/DD_II/BT2/Calculadora_F3/HDL/CALCULADORA.vhd Line: 15
Info (286030): Timing-Driven Synthesis is running
Info (16010): Generating hard_block partition "hard_block:auto_generated_inst"
    Info (16011): Adding 0 node(s), including 0 DDIO, 0 PLL, 0 transceiver and 0 LCELL
Info (21057): Implemented 552 device resources after synthesis - the final resource count might be different
    Info (21058): Implemented 6 input pins
    Info (21059): Implemented 20 output pins
    Info (21061): Implemented 524 logic cells
    Info (21062): Implemented 2 DSP elements
Info: Quartus Prime Analysis & Synthesis was successful. 0 errors, 4 warnings
    Info: Peak virtual memory: 5017 megabytes
    Info: Processing ended: Tue May 12 14:22:36 2026
    Info: Elapsed time: 00:00:11
    Info: Total CPU time (on all processors): 00:00:13


